// Jest Snapshot v1, https://goo.gl/fbAQLP

exports[`<Clock /> when given hours, minutes, seconds (TestRenderer) renders properly 1`] = `
<h2
  className="Clock"
  style={Object {}}
>
  Time left
  <span
    className="Clock__Hours"
  >
     
    02
  </span>
  <span
    className="Clock__Separator"
  >
    :
  </span>
  <span
    className="Clock__Minutes"
  >
    05
  </span>
  <span
    className="Clock__Separator"
  >
    :
  </span>
  <span
    className="Clock__Seconds"
  >
    10
  </span>
</h2>
`;
